
> connectivity@0.1.0 build
> prisma generate && next build

node.exe : Loaded Prisma config from prisma.config.ts.
At line:1 char:1
+ & "C:\Program Files\nodejs/node.exe" "C:\Users\vinay\AppData\Roaming\ ...
+ ~~~~~~~~~~~~~~~~~~~~~~~~~~~~~~~~~~~~~~~~~~~~~~~~~~~~~~~~~~~~~~~~~~~~~
    + CategoryInfo          : NotSpecified: (Loaded Prisma c...isma.config.ts. 
   :String) [], RemoteException
    + FullyQualifiedErrorId : NativeCommandError
 

Prisma config detected, skipping environment variable loading.
Prisma schema loaded from prisma\schema.prisma

Γ£ö Generated Prisma Client (v6.19.3) to .\src\generated\prisma in 109ms

Start by importing your Prisma Client (See: https://pris.ly/d/importing-client)

Tip: Want to turn off tips and other hints? https://pris.ly/tip-4-nohints

Γû▓ Next.js 16.2.1 (Turbopack)
- Environments: .env
- Experiments (use with caution):
  ┬╖ clientTraceMetadata

  Creating an optimized production build ...
Γ£ô Compiled successfully in 11.4s
  Running next.config.js provided runAfterProductionCompile ...
